[32m[2026-10-08 20:02:48.427] [INFO ] [protector_main.cpp:68] [0mInteractive Session Protector daemon initializing...
[32m[2026-10-08 20:02:48.437] [INFO ] [protector_main.cpp:72] [0mLoaded configuration from: /mnt/c/Users/agrbr/OneDrive/Desktop/OS PROJ/config/protector.conf
[32m[2026-10-08 20:02:48.440] [INFO ] [protector_main.cpp:80] [0mConfiguration summary:
[32m[2026-10-08 20:02:48.441] [INFO ] [protector_main.cpp:81] [0m  video_device: /dev/video10
[32m[2026-10-08 20:02:48.442] [INFO ] [protector_main.cpp:82] [0m  cgroup_mount: /sys/fs/cgroup
[32m[2026-10-08 20:02:48.444] [INFO ] [protector_main.cpp:83] [0m  proc_mount:   /proc
[32m[2026-10-08 20:02:48.445] [INFO ] [protector_main.cpp:84] [0m  poll_ms:      1000
[32m[2026-10-08 20:02:48.446] [INFO ] [protector_main.cpp:85] [0m  hysteresis:   8s
[32m[2026-10-08 20:02:48.448] [INFO ] [protector_main.cpp:86] [0m  mode:         REAL (ACTIVE)
[32m[2026-10-08 20:02:48.450] [INFO ] [daemon.cpp:90] [0mInitializing cgroup hierarchy (mode: ACTIVE)...
[33m[2026-10-08 20:02:48.452] [WARN ] [cgroup_manager.cpp:123] [0mCgroupManager: failed to open for writing: /sys/fs/cgroup/protector.slice/protected/cpu.weight
[33m[2026-10-08 20:02:48.456] [WARN ] [cgroup_manager.cpp:123] [0mCgroupManager: failed to open for writing: /sys/fs/cgroup/protector.slice/protected/io.weight
[33m[2026-10-08 20:02:48.459] [WARN ] [cgroup_manager.cpp:123] [0mCgroupManager: failed to open for writing: /sys/fs/cgroup/protector.slice/background/cpu.weight
[33m[2026-10-08 20:02:48.460] [WARN ] [cgroup_manager.cpp:123] [0mCgroupManager: failed to open for writing: /sys/fs/cgroup/protector.slice/background/memory.high
[33m[2026-10-08 20:02:48.461] [WARN ] [cgroup_manager.cpp:123] [0mCgroupManager: failed to open for writing: /sys/fs/cgroup/protector.slice/normal/cpu.weight
[33m[2026-10-08 20:02:48.463] [WARN ] [cgroup_manager.cpp:123] [0mCgroupManager: failed to open for writing: /sys/fs/cgroup/protector.slice/normal/io.weight
[32m[2026-10-08 20:02:48.464] [INFO ] [daemon.cpp:107] [0mProtector daemon threads started successfully (poll: 1000ms, hysteresis: 8s).
[32m[2026-10-08 20:02:49.476] [INFO ] [resource_shaper.cpp:40] [0mResourceShaper: Entered ACTIVE session. Throttled background CPU weight to 20 (floor: 5), boosted protected CPU weight to 800
[33m[2026-10-08 20:02:49.479] [WARN ] [cgroup_manager.cpp:123] [0mCgroupManager: failed to open for writing: /sys/fs/cgroup/protector.slice/background/cpu.weight
[33m[2026-10-08 20:02:49.480] [WARN ] [cgroup_manager.cpp:123] [0mCgroupManager: failed to open for writing: /sys/fs/cgroup/protector.slice/protected/cpu.weight
[33m[2026-10-08 20:02:50.003] [WARN ] [cgroup_manager.cpp:123] [0mCgroupManager: failed to open for writing: /sys/fs/cgroup/protector.slice/background/cpu.weight
[33m[2026-10-08 20:02:50.011] [WARN ] [cgroup_manager.cpp:123] [0mCgroupManager: failed to open for writing: /sys/fs/cgroup/protector.slice/protected/cpu.weight
[33m[2026-10-08 20:02:50.557] [WARN ] [cgroup_manager.cpp:123] [0mCgroupManager: failed to open for writing: /sys/fs/cgroup/protector.slice/background/cpu.weight
[33m[2026-10-08 20:02:50.561] [WARN ] [cgroup_manager.cpp:123] [0mCgroupManager: failed to open for writing: /sys/fs/cgroup/protector.slice/protected/cpu.weight
[33m[2026-10-08 20:02:51.093] [WARN ] [cgroup_manager.cpp:123] [0mCgroupManager: failed to open for writing: /sys/fs/cgroup/protector.slice/background/cpu.weight
[33m[2026-10-08 20:02:51.095] [WARN ] [cgroup_manager.cpp:123] [0mCgroupManager: failed to open for writing: /sys/fs/cgroup/protector.slice/protected/cpu.weight
[33m[2026-10-08 20:02:51.630] [WARN ] [cgroup_manager.cpp:123] [0mCgroupManager: failed to open for writing: /sys/fs/cgroup/protector.slice/background/cpu.weight
[33m[2026-10-08 20:02:51.631] [WARN ] [cgroup_manager.cpp:123] [0mCgroupManager: failed to open for writing: /sys/fs/cgroup/protector.slice/protected/cpu.weight
[33m[2026-10-08 20:02:52.158] [WARN ] [cgroup_manager.cpp:123] [0mCgroupManager: failed to open for writing: /sys/fs/cgroup/protector.slice/background/cpu.weight
[33m[2026-10-08 20:02:52.160] [WARN ] [cgroup_manager.cpp:123] [0mCgroupManager: failed to open for writing: /sys/fs/cgroup/protector.slice/protected/cpu.weight
[33m[2026-10-08 20:02:52.685] [WARN ] [cgroup_manager.cpp:123] [0mCgroupManager: failed to open for writing: /sys/fs/cgroup/protector.slice/background/cpu.weight
[33m[2026-10-08 20:02:52.690] [WARN ] [cgroup_manager.cpp:123] [0mCgroupManager: failed to open for writing: /sys/fs/cgroup/protector.slice/protected/cpu.weight
[33m[2026-10-08 20:02:53.211] [WARN ] [cgroup_manager.cpp:123] [0mCgroupManager: failed to open for writing: /sys/fs/cgroup/protector.slice/background/cpu.weight
[33m[2026-10-08 20:02:53.216] [WARN ] [cgroup_manager.cpp:123] [0mCgroupManager: failed to open for writing: /sys/fs/cgroup/protector.slice/protected/cpu.weight
[33m[2026-10-08 20:02:53.753] [WARN ] [cgroup_manager.cpp:123] [0mCgroupManager: failed to open for writing: /sys/fs/cgroup/protector.slice/background/cpu.weight
[33m[2026-10-08 20:02:53.759] [WARN ] [cgroup_manager.cpp:123] [0mCgroupManager: failed to open for writing: /sys/fs/cgroup/protector.slice/protected/cpu.weight
[33m[2026-10-08 20:02:54.289] [WARN ] [cgroup_manager.cpp:123] [0mCgroupManager: failed to open for writing: /sys/fs/cgroup/protector.slice/background/cpu.weight
[33m[2026-10-08 20:02:54.292] [WARN ] [cgroup_manager.cpp:123] [0mCgroupManager: failed to open for writing: /sys/fs/cgroup/protector.slice/protected/cpu.weight
[33m[2026-10-08 20:02:54.826] [WARN ] [cgroup_manager.cpp:123] [0mCgroupManager: failed to open for writing: /sys/fs/cgroup/protector.slice/background/cpu.weight
[33m[2026-10-08 20:02:54.827] [WARN ] [cgroup_manager.cpp:123] [0mCgroupManager: failed to open for writing: /sys/fs/cgroup/protector.slice/protected/cpu.weight
[33m[2026-10-08 20:02:55.360] [WARN ] [cgroup_manager.cpp:123] [0mCgroupManager: failed to open for writing: /sys/fs/cgroup/protector.slice/background/cpu.weight
[33m[2026-10-08 20:02:55.361] [WARN ] [cgroup_manager.cpp:123] [0mCgroupManager: failed to open for writing: /sys/fs/cgroup/protector.slice/protected/cpu.weight
[33m[2026-10-08 20:02:55.902] [WARN ] [cgroup_manager.cpp:123] [0mCgroupManager: failed to open for writing: /sys/fs/cgroup/protector.slice/background/cpu.weight
[33m[2026-10-08 20:02:55.903] [WARN ] [cgroup_manager.cpp:123] [0mCgroupManager: failed to open for writing: /sys/fs/cgroup/protector.slice/protected/cpu.weight
[33m[2026-10-08 20:02:56.448] [WARN ] [cgroup_manager.cpp:123] [0mCgroupManager: failed to open for writing: /sys/fs/cgroup/protector.slice/background/cpu.weight
[33m[2026-10-08 20:02:56.452] [WARN ] [cgroup_manager.cpp:123] [0mCgroupManager: failed to open for writing: /sys/fs/cgroup/protector.slice/protected/cpu.weight
[33m[2026-10-08 20:02:56.977] [WARN ] [cgroup_manager.cpp:123] [0mCgroupManager: failed to open for writing: /sys/fs/cgroup/protector.slice/background/cpu.weight
[33m[2026-10-08 20:02:56.978] [WARN ] [cgroup_manager.cpp:123] [0mCgroupManager: failed to open for writing: /sys/fs/cgroup/protector.slice/protected/cpu.weight
[33m[2026-10-08 20:02:57.519] [WARN ] [cgroup_manager.cpp:123] [0mCgroupManager: failed to open for writing: /sys/fs/cgroup/protector.slice/background/cpu.weight
[33m[2026-10-08 20:02:57.520] [WARN ] [cgroup_manager.cpp:123] [0mCgroupManager: failed to open for writing: /sys/fs/cgroup/protector.slice/protected/cpu.weight
[33m[2026-10-08 20:02:58.049] [WARN ] [cgroup_manager.cpp:123] [0mCgroupManager: failed to open for writing: /sys/fs/cgroup/protector.slice/background/cpu.weight
[33m[2026-10-08 20:02:58.057] [WARN ] [cgroup_manager.cpp:123] [0mCgroupManager: failed to open for writing: /sys/fs/cgroup/protector.slice/protected/cpu.weight
[33m[2026-10-08 20:02:58.602] [WARN ] [cgroup_manager.cpp:123] [0mCgroupManager: failed to open for writing: /sys/fs/cgroup/protector.slice/background/cpu.weight
[33m[2026-10-08 20:02:58.603] [WARN ] [cgroup_manager.cpp:123] [0mCgroupManager: failed to open for writing: /sys/fs/cgroup/protector.slice/protected/cpu.weight
[33m[2026-10-08 20:02:59.148] [WARN ] [cgroup_manager.cpp:123] [0mCgroupManager: failed to open for writing: /sys/fs/cgroup/protector.slice/background/cpu.weight
[33m[2026-10-08 20:02:59.150] [WARN ] [cgroup_manager.cpp:123] [0mCgroupManager: failed to open for writing: /sys/fs/cgroup/protector.slice/protected/cpu.weight
[33m[2026-10-08 20:02:59.685] [WARN ] [cgroup_manager.cpp:123] [0mCgroupManager: failed to open for writing: /sys/fs/cgroup/protector.slice/background/cpu.weight
[33m[2026-10-08 20:02:59.687] [WARN ] [cgroup_manager.cpp:123] [0mCgroupManager: failed to open for writing: /sys/fs/cgroup/protector.slice/protected/cpu.weight
[33m[2026-10-08 20:03:00.217] [WARN ] [cgroup_manager.cpp:123] [0mCgroupManager: failed to open for writing: /sys/fs/cgroup/protector.slice/background/cpu.weight
[33m[2026-10-08 20:03:00.218] [WARN ] [cgroup_manager.cpp:123] [0mCgroupManager: failed to open for writing: /sys/fs/cgroup/protector.slice/protected/cpu.weight
[33m[2026-10-08 20:03:02.979] [WARN ] [cgroup_manager.cpp:123] [0mCgroupManager: failed to open for writing: /sys/fs/cgroup/protector.slice/background/cpu.weight
[33m[2026-10-08 20:03:02.980] [WARN ] [cgroup_manager.cpp:123] [0mCgroupManager: failed to open for writing: /sys/fs/cgroup/protector.slice/protected/cpu.weight
[33m[2026-10-08 20:03:03.503] [WARN ] [cgroup_manager.cpp:123] [0mCgroupManager: failed to open for writing: /sys/fs/cgroup/protector.slice/background/cpu.weight
[33m[2026-10-08 20:03:03.504] [WARN ] [cgroup_manager.cpp:123] [0mCgroupManager: failed to open for writing: /sys/fs/cgroup/protector.slice/protected/cpu.weight
[33m[2026-10-08 20:03:04.022] [WARN ] [cgroup_manager.cpp:123] [0mCgroupManager: failed to open for writing: /sys/fs/cgroup/protector.slice/background/cpu.weight
[33m[2026-10-08 20:03:04.023] [WARN ] [cgroup_manager.cpp:123] [0mCgroupManager: failed to open for writing: /sys/fs/cgroup/protector.slice/protected/cpu.weight
[33m[2026-10-08 20:03:04.545] [WARN ] [cgroup_manager.cpp:123] [0mCgroupManager: failed to open for writing: /sys/fs/cgroup/protector.slice/background/cpu.weight
[33m[2026-10-08 20:03:04.546] [WARN ] [cgroup_manager.cpp:123] [0mCgroupManager: failed to open for writing: /sys/fs/cgroup/protector.slice/protected/cpu.weight
[33m[2026-10-08 20:03:05.079] [WARN ] [cgroup_manager.cpp:123] [0mCgroupManager: failed to open for writing: /sys/fs/cgroup/protector.slice/background/cpu.weight
[33m[2026-10-08 20:03:05.080] [WARN ] [cgroup_manager.cpp:123] [0mCgroupManager: failed to open for writing: /sys/fs/cgroup/protector.slice/protected/cpu.weight
[33m[2026-10-08 20:03:05.603] [WARN ] [cgroup_manager.cpp:123] [0mCgroupManager: failed to open for writing: /sys/fs/cgroup/protector.slice/background/cpu.weight
[33m[2026-10-08 20:03:05.604] [WARN ] [cgroup_manager.cpp:123] [0mCgroupManager: failed to open for writing: /sys/fs/cgroup/protector.slice/protected/cpu.weight
[33m[2026-10-08 20:03:06.126] [WARN ] [cgroup_manager.cpp:123] [0mCgroupManager: failed to open for writing: /sys/fs/cgroup/protector.slice/background/cpu.weight
[33m[2026-10-08 20:03:06.127] [WARN ] [cgroup_manager.cpp:123] [0mCgroupManager: failed to open for writing: /sys/fs/cgroup/protector.slice/protected/cpu.weight
[33m[2026-10-08 20:03:06.652] [WARN ] [cgroup_manager.cpp:123] [0mCgroupManager: failed to open for writing: /sys/fs/cgroup/protector.slice/background/cpu.weight
[33m[2026-10-08 20:03:06.653] [WARN ] [cgroup_manager.cpp:123] [0mCgroupManager: failed to open for writing: /sys/fs/cgroup/protector.slice/protected/cpu.weight
[32m[2026-10-08 20:03:07.180] [INFO ] [resource_shaper.cpp:78] [0mResourceShaper: [Aging Step 1] Background CPU weight increased to 30 (ceiling: 100)
[33m[2026-10-08 20:03:07.181] [WARN ] [cgroup_manager.cpp:123] [0mCgroupManager: failed to open for writing: /sys/fs/cgroup/protector.slice/background/cpu.weight
[33m[2026-10-08 20:03:07.182] [WARN ] [cgroup_manager.cpp:123] [0mCgroupManager: failed to open for writing: /sys/fs/cgroup/protector.slice/protected/cpu.weight
[33m[2026-10-08 20:03:07.716] [WARN ] [cgroup_manager.cpp:123] [0mCgroupManager: failed to open for writing: /sys/fs/cgroup/protector.slice/background/cpu.weight
[33m[2026-10-08 20:03:07.718] [WARN ] [cgroup_manager.cpp:123] [0mCgroupManager: failed to open for writing: /sys/fs/cgroup/protector.slice/protected/cpu.weight
[33m[2026-10-08 20:03:08.247] [WARN ] [cgroup_manager.cpp:123] [0mCgroupManager: failed to open for writing: /sys/fs/cgroup/protector.slice/background/cpu.weight
[33m[2026-10-08 20:03:08.248] [WARN ] [cgroup_manager.cpp:123] [0mCgroupManager: failed to open for writing: /sys/fs/cgroup/protector.slice/protected/cpu.weight
[33m[2026-10-08 20:03:08.775] [WARN ] [cgroup_manager.cpp:123] [0mCgroupManager: failed to open for writing: /sys/fs/cgroup/protector.slice/background/cpu.weight
[33m[2026-10-08 20:03:08.777] [WARN ] [cgroup_manager.cpp:123] [0mCgroupManager: failed to open for writing: /sys/fs/cgroup/protector.slice/protected/cpu.weight
[33m[2026-10-08 20:03:09.299] [WARN ] [cgroup_manager.cpp:123] [0mCgroupManager: failed to open for writing: /sys/fs/cgroup/protector.slice/background/cpu.weight
[33m[2026-10-08 20:03:09.300] [WARN ] [cgroup_manager.cpp:123] [0mCgroupManager: failed to open for writing: /sys/fs/cgroup/protector.slice/protected/cpu.weight
[33m[2026-10-08 20:03:09.815] [WARN ] [cgroup_manager.cpp:123] [0mCgroupManager: failed to open for writing: /sys/fs/cgroup/protector.slice/background/cpu.weight
[33m[2026-10-08 20:03:09.816] [WARN ] [cgroup_manager.cpp:123] [0mCgroupManager: failed to open for writing: /sys/fs/cgroup/protector.slice/protected/cpu.weight
[33m[2026-10-08 20:03:10.335] [WARN ] [cgroup_manager.cpp:123] [0mCgroupManager: failed to open for writing: /sys/fs/cgroup/protector.slice/background/cpu.weight
[33m[2026-10-08 20:03:10.336] [WARN ] [cgroup_manager.cpp:123] [0mCgroupManager: failed to open for writing: /sys/fs/cgroup/protector.slice/protected/cpu.weight
[33m[2026-10-08 20:03:10.855] [WARN ] [cgroup_manager.cpp:123] [0mCgroupManager: failed to open for writing: /sys/fs/cgroup/protector.slice/background/cpu.weight
[33m[2026-10-08 20:03:10.856] [WARN ] [cgroup_manager.cpp:123] [0mCgroupManager: failed to open for writing: /sys/fs/cgroup/protector.slice/protected/cpu.weight
[33m[2026-10-08 20:03:11.375] [WARN ] [cgroup_manager.cpp:123] [0mCgroupManager: failed to open for writing: /sys/fs/cgroup/protector.slice/background/cpu.weight
[33m[2026-10-08 20:03:11.376] [WARN ] [cgroup_manager.cpp:123] [0mCgroupManager: failed to open for writing: /sys/fs/cgroup/protector.slice/protected/cpu.weight
[33m[2026-10-08 20:03:11.891] [WARN ] [cgroup_manager.cpp:123] [0mCgroupManager: failed to open for writing: /sys/fs/cgroup/protector.slice/background/cpu.weight
[33m[2026-10-08 20:03:11.892] [WARN ] [cgroup_manager.cpp:123] [0mCgroupManager: failed to open for writing: /sys/fs/cgroup/protector.slice/protected/cpu.weight
[33m[2026-10-08 20:03:12.431] [WARN ] [cgroup_manager.cpp:123] [0mCgroupManager: failed to open for writing: /sys/fs/cgroup/protector.slice/background/cpu.weight
[33m[2026-10-08 20:03:12.432] [WARN ] [cgroup_manager.cpp:123] [0mCgroupManager: failed to open for writing: /sys/fs/cgroup/protector.slice/protected/cpu.weight
[33m[2026-10-08 20:03:12.955] [WARN ] [cgroup_manager.cpp:123] [0mCgroupManager: failed to open for writing: /sys/fs/cgroup/protector.slice/background/cpu.weight
[33m[2026-10-08 20:03:12.956] [WARN ] [cgroup_manager.cpp:123] [0mCgroupManager: failed to open for writing: /sys/fs/cgroup/protector.slice/protected/cpu.weight
[33m[2026-10-08 20:03:13.471] [WARN ] [cgroup_manager.cpp:123] [0mCgroupManager: failed to open for writing: /sys/fs/cgroup/protector.slice/background/cpu.weight
[33m[2026-10-08 20:03:13.475] [WARN ] [cgroup_manager.cpp:123] [0mCgroupManager: failed to open for writing: /sys/fs/cgroup/protector.slice/protected/cpu.weight
[33m[2026-10-08 20:03:13.995] [WARN ] [cgroup_manager.cpp:123] [0mCgroupManager: failed to open for writing: /sys/fs/cgroup/protector.slice/background/cpu.weight
[33m[2026-10-08 20:03:14.013] [WARN ] [cgroup_manager.cpp:123] [0mCgroupManager: failed to open for writing: /sys/fs/cgroup/protector.slice/protected/cpu.weight
[33m[2026-10-08 20:03:14.538] [WARN ] [cgroup_manager.cpp:123] [0mCgroupManager: failed to open for writing: /sys/fs/cgroup/protector.slice/background/cpu.weight
[33m[2026-10-08 20:03:14.541] [WARN ] [cgroup_manager.cpp:123] [0mCgroupManager: failed to open for writing: /sys/fs/cgroup/protector.slice/protected/cpu.weight
[33m[2026-10-08 20:03:15.063] [WARN ] [cgroup_manager.cpp:123] [0mCgroupManager: failed to open for writing: /sys/fs/cgroup/protector.slice/background/cpu.weight
[33m[2026-10-08 20:03:15.065] [WARN ] [cgroup_manager.cpp:123] [0mCgroupManager: failed to open for writing: /sys/fs/cgroup/protector.slice/protected/cpu.weight
[33m[2026-10-08 20:03:15.595] [WARN ] [cgroup_manager.cpp:123] [0mCgroupManager: failed to open for writing: /sys/fs/cgroup/protector.slice/background/cpu.weight
[33m[2026-10-08 20:03:15.597] [WARN ] [cgroup_manager.cpp:123] [0mCgroupManager: failed to open for writing: /sys/fs/cgroup/protector.slice/protected/cpu.weight
[33m[2026-10-08 20:03:16.127] [WARN ] [cgroup_manager.cpp:123] [0mCgroupManager: failed to open for writing: /sys/fs/cgroup/protector.slice/background/cpu.weight
[33m[2026-10-08 20:03:16.129] [WARN ] [cgroup_manager.cpp:123] [0mCgroupManager: failed to open for writing: /sys/fs/cgroup/protector.slice/protected/cpu.weight
[33m[2026-10-08 20:03:16.655] [WARN ] [cgroup_manager.cpp:123] [0mCgroupManager: failed to open for writing: /sys/fs/cgroup/protector.slice/background/cpu.weight
[33m[2026-10-08 20:03:16.657] [WARN ] [cgroup_manager.cpp:123] [0mCgroupManager: failed to open for writing: /sys/fs/cgroup/protector.slice/protected/cpu.weight
[33m[2026-10-08 20:03:17.198] [WARN ] [cgroup_manager.cpp:123] [0mCgroupManager: failed to open for writing: /sys/fs/cgroup/protector.slice/background/cpu.weight
[33m[2026-10-08 20:03:17.201] [WARN ] [cgroup_manager.cpp:123] [0mCgroupManager: failed to open for writing: /sys/fs/cgroup/protector.slice/protected/cpu.weight
[33m[2026-10-08 20:03:17.731] [WARN ] [cgroup_manager.cpp:123] [0mCgroupManager: failed to open for writing: /sys/fs/cgroup/protector.slice/background/cpu.weight
[33m[2026-10-08 20:03:17.733] [WARN ] [cgroup_manager.cpp:123] [0mCgroupManager: failed to open for writing: /sys/fs/cgroup/protector.slice/protected/cpu.weight
[33m[2026-10-08 20:03:18.255] [WARN ] [cgroup_manager.cpp:123] [0mCgroupManager: failed to open for writing: /sys/fs/cgroup/protector.slice/background/cpu.weight
[33m[2026-10-08 20:03:18.266] [WARN ] [cgroup_manager.cpp:123] [0mCgroupManager: failed to open for writing: /sys/fs/cgroup/protector.slice/protected/cpu.weight
[33m[2026-10-08 20:03:18.787] [WARN ] [cgroup_manager.cpp:123] [0mCgroupManager: failed to open for writing: /sys/fs/cgroup/protector.slice/background/cpu.weight
[33m[2026-10-08 20:03:18.790] [WARN ] [cgroup_manager.cpp:123] [0mCgroupManager: failed to open for writing: /sys/fs/cgroup/protector.slice/protected/cpu.weight
[33m[2026-10-08 20:03:19.311] [WARN ] [cgroup_manager.cpp:123] [0mCgroupManager: failed to open for writing: /sys/fs/cgroup/protector.slice/background/cpu.weight
[33m[2026-10-08 20:03:19.313] [WARN ] [cgroup_manager.cpp:123] [0mCgroupManager: failed to open for writing: /sys/fs/cgroup/protector.slice/protected/cpu.weight
[33m[2026-10-08 20:03:19.851] [WARN ] [cgroup_manager.cpp:123] [0mCgroupManager: failed to open for writing: /sys/fs/cgroup/protector.slice/background/cpu.weight
[33m[2026-10-08 20:03:19.857] [WARN ] [cgroup_manager.cpp:123] [0mCgroupManager: failed to open for writing: /sys/fs/cgroup/protector.slice/protected/cpu.weight
[33m[2026-10-08 20:03:20.379] [WARN ] [cgroup_manager.cpp:123] [0mCgroupManager: failed to open for writing: /sys/fs/cgroup/protector.slice/background/cpu.weight
[33m[2026-10-08 20:03:20.381] [WARN ] [cgroup_manager.cpp:123] [0mCgroupManager: failed to open for writing: /sys/fs/cgroup/protector.slice/protected/cpu.weight
[33m[2026-10-08 20:03:20.902] [WARN ] [cgroup_manager.cpp:123] [0mCgroupManager: failed to open for writing: /sys/fs/cgroup/protector.slice/background/cpu.weight
[33m[2026-10-08 20:03:20.906] [WARN ] [cgroup_manager.cpp:123] [0mCgroupManager: failed to open for writing: /sys/fs/cgroup/protector.slice/protected/cpu.weight
[33m[2026-10-08 20:03:21.426] [WARN ] [cgroup_manager.cpp:123] [0mCgroupManager: failed to open for writing: /sys/fs/cgroup/protector.slice/background/cpu.weight
[33m[2026-10-08 20:03:21.429] [WARN ] [cgroup_manager.cpp:123] [0mCgroupManager: failed to open for writing: /sys/fs/cgroup/protector.slice/protected/cpu.weight
[32m[2026-10-08 20:03:21.950] [INFO ] [resource_shaper.cpp:78] [0mResourceShaper: [Aging Step 2] Background CPU weight increased to 40 (ceiling: 100)
[33m[2026-10-08 20:03:21.952] [WARN ] [cgroup_manager.cpp:123] [0mCgroupManager: failed to open for writing: /sys/fs/cgroup/protector.slice/background/cpu.weight
[33m[2026-10-08 20:03:21.961] [WARN ] [cgroup_manager.cpp:123] [0mCgroupManager: failed to open for writing: /sys/fs/cgroup/protector.slice/protected/cpu.weight
[33m[2026-10-08 20:03:22.482] [WARN ] [cgroup_manager.cpp:123] [0mCgroupManager: failed to open for writing: /sys/fs/cgroup/protector.slice/background/cpu.weight
[33m[2026-10-08 20:03:22.485] [WARN ] [cgroup_manager.cpp:123] [0mCgroupManager: failed to open for writing: /sys/fs/cgroup/protector.slice/protected/cpu.weight
[33m[2026-10-08 20:03:23.007] [WARN ] [cgroup_manager.cpp:123] [0mCgroupManager: failed to open for writing: /sys/fs/cgroup/protector.slice/background/cpu.weight
[33m[2026-10-08 20:03:23.008] [WARN ] [cgroup_manager.cpp:123] [0mCgroupManager: failed to open for writing: /sys/fs/cgroup/protector.slice/protected/cpu.weight
[33m[2026-10-08 20:03:23.522] [WARN ] [cgroup_manager.cpp:123] [0mCgroupManager: failed to open for writing: /sys/fs/cgroup/protector.slice/background/cpu.weight
[33m[2026-10-08 20:03:23.525] [WARN ] [cgroup_manager.cpp:123] [0mCgroupManager: failed to open for writing: /sys/fs/cgroup/protector.slice/protected/cpu.weight
[33m[2026-10-08 20:03:24.051] [WARN ] [cgroup_manager.cpp:123] [0mCgroupManager: failed to open for writing: /sys/fs/cgroup/protector.slice/background/cpu.weight
[33m[2026-10-08 20:03:24.053] [WARN ] [cgroup_manager.cpp:123] [0mCgroupManager: failed to open for writing: /sys/fs/cgroup/protector.slice/protected/cpu.weight
[33m[2026-10-08 20:03:24.579] [WARN ] [cgroup_manager.cpp:123] [0mCgroupManager: failed to open for writing: /sys/fs/cgroup/protector.slice/background/cpu.weight
[33m[2026-10-08 20:03:24.581] [WARN ] [cgroup_manager.cpp:123] [0mCgroupManager: failed to open for writing: /sys/fs/cgroup/protector.slice/protected/cpu.weight
[33m[2026-10-08 20:03:25.107] [WARN ] [cgroup_manager.cpp:123] [0mCgroupManager: failed to open for writing: /sys/fs/cgroup/protector.slice/background/cpu.weight
[33m[2026-10-08 20:03:25.109] [WARN ] [cgroup_manager.cpp:123] [0mCgroupManager: failed to open for writing: /sys/fs/cgroup/protector.slice/protected/cpu.weight
[33m[2026-10-08 20:03:25.635] [WARN ] [cgroup_manager.cpp:123] [0mCgroupManager: failed to open for writing: /sys/fs/cgroup/protector.slice/background/cpu.weight
[33m[2026-10-08 20:03:25.637] [WARN ] [cgroup_manager.cpp:123] [0mCgroupManager: failed to open for writing: /sys/fs/cgroup/protector.slice/protected/cpu.weight
[33m[2026-10-08 20:03:26.163] [WARN ] [cgroup_manager.cpp:123] [0mCgroupManager: failed to open for writing: /sys/fs/cgroup/protector.slice/background/cpu.weight
[33m[2026-10-08 20:03:26.167] [WARN ] [cgroup_manager.cpp:123] [0mCgroupManager: failed to open for writing: /sys/fs/cgroup/protector.slice/protected/cpu.weight
[33m[2026-10-08 20:03:26.683] [WARN ] [cgroup_manager.cpp:123] [0mCgroupManager: failed to open for writing: /sys/fs/cgroup/protector.slice/background/cpu.weight
[33m[2026-10-08 20:03:26.688] [WARN ] [cgroup_manager.cpp:123] [0mCgroupManager: failed to open for writing: /sys/fs/cgroup/protector.slice/protected/cpu.weight
[33m[2026-10-08 20:03:27.207] [WARN ] [cgroup_manager.cpp:123] [0mCgroupManager: failed to open for writing: /sys/fs/cgroup/protector.slice/background/cpu.weight
[33m[2026-10-08 20:03:27.209] [WARN ] [cgroup_manager.cpp:123] [0mCgroupManager: failed to open for writing: /sys/fs/cgroup/protector.slice/protected/cpu.weight
[33m[2026-10-08 20:03:27.731] [WARN ] [cgroup_manager.cpp:123] [0mCgroupManager: failed to open for writing: /sys/fs/cgroup/protector.slice/background/cpu.weight
[33m[2026-10-08 20:03:27.733] [WARN ] [cgroup_manager.cpp:123] [0mCgroupManager: failed to open for writing: /sys/fs/cgroup/protector.slice/protected/cpu.weight
[33m[2026-10-08 20:03:28.255] [WARN ] [cgroup_manager.cpp:123] [0mCgroupManager: failed to open for writing: /sys/fs/cgroup/protector.slice/background/cpu.weight
[33m[2026-10-08 20:03:28.258] [WARN ] [cgroup_manager.cpp:123] [0mCgroupManager: failed to open for writing: /sys/fs/cgroup/protector.slice/protected/cpu.weight
[33m[2026-10-08 20:03:28.779] [WARN ] [cgroup_manager.cpp:123] [0mCgroupManager: failed to open for writing: /sys/fs/cgroup/protector.slice/background/cpu.weight
[33m[2026-10-08 20:03:28.781] [WARN ] [cgroup_manager.cpp:123] [0mCgroupManager: failed to open for writing: /sys/fs/cgroup/protector.slice/protected/cpu.weight
[33m[2026-10-08 20:03:29.303] [WARN ] [cgroup_manager.cpp:123] [0mCgroupManager: failed to open for writing: /sys/fs/cgroup/protector.slice/background/cpu.weight
[33m[2026-10-08 20:03:29.306] [WARN ] [cgroup_manager.cpp:123] [0mCgroupManager: failed to open for writing: /sys/fs/cgroup/protector.slice/protected/cpu.weight
[33m[2026-10-08 20:03:29.827] [WARN ] [cgroup_manager.cpp:123] [0mCgroupManager: failed to open for writing: /sys/fs/cgroup/protector.slice/background/cpu.weight
[33m[2026-10-08 20:03:29.831] [WARN ] [cgroup_manager.cpp:123] [0mCgroupManager: failed to open for writing: /sys/fs/cgroup/protector.slice/protected/cpu.weight
[33m[2026-10-08 20:03:30.347] [WARN ] [cgroup_manager.cpp:123] [0mCgroupManager: failed to open for writing: /sys/fs/cgroup/protector.slice/background/cpu.weight
[33m[2026-10-08 20:03:30.352] [WARN ] [cgroup_manager.cpp:123] [0mCgroupManager: failed to open for writing: /sys/fs/cgroup/protector.slice/protected/cpu.weight
[33m[2026-10-08 20:03:30.883] [WARN ] [cgroup_manager.cpp:123] [0mCgroupManager: failed to open for writing: /sys/fs/cgroup/protector.slice/background/cpu.weight
[33m[2026-10-08 20:03:30.885] [WARN ] [cgroup_manager.cpp:123] [0mCgroupManager: failed to open for writing: /sys/fs/cgroup/protector.slice/protected/cpu.weight
[33m[2026-10-08 20:03:31.411] [WARN ] [cgroup_manager.cpp:123] [0mCgroupManager: failed to open for writing: /sys/fs/cgroup/protector.slice/background/cpu.weight
[33m[2026-10-08 20:03:31.414] [WARN ] [cgroup_manager.cpp:123] [0mCgroupManager: failed to open for writing: /sys/fs/cgroup/protector.slice/protected/cpu.weight
[33m[2026-10-08 20:03:31.935] [WARN ] [cgroup_manager.cpp:123] [0mCgroupManager: failed to open for writing: /sys/fs/cgroup/protector.slice/background/cpu.weight
[33m[2026-10-08 20:03:31.938] [WARN ] [cgroup_manager.cpp:123] [0mCgroupManager: failed to open for writing: /sys/fs/cgroup/protector.slice/protected/cpu.weight
[33m[2026-10-08 20:03:32.463] [WARN ] [cgroup_manager.cpp:123] [0mCgroupManager: failed to open for writing: /sys/fs/cgroup/protector.slice/background/cpu.weight
[33m[2026-10-08 20:03:32.465] [WARN ] [cgroup_manager.cpp:123] [0mCgroupManager: failed to open for writing: /sys/fs/cgroup/protector.slice/protected/cpu.weight
[33m[2026-10-08 20:03:32.983] [WARN ] [cgroup_manager.cpp:123] [0mCgroupManager: failed to open for writing: /sys/fs/cgroup/protector.slice/background/cpu.weight
[33m[2026-10-08 20:03:32.986] [WARN ] [cgroup_manager.cpp:123] [0mCgroupManager: failed to open for writing: /sys/fs/cgroup/protector.slice/protected/cpu.weight
[33m[2026-10-08 20:03:33.511] [WARN ] [cgroup_manager.cpp:123] [0mCgroupManager: failed to open for writing: /sys/fs/cgroup/protector.slice/background/cpu.weight
[33m[2026-10-08 20:03:33.512] [WARN ] [cgroup_manager.cpp:123] [0mCgroupManager: failed to open for writing: /sys/fs/cgroup/protector.slice/protected/cpu.weight
[33m[2026-10-08 20:03:34.026] [WARN ] [cgroup_manager.cpp:123] [0mCgroupManager: failed to open for writing: /sys/fs/cgroup/protector.slice/background/cpu.weight
[33m[2026-10-08 20:03:34.028] [WARN ] [cgroup_manager.cpp:123] [0mCgroupManager: failed to open for writing: /sys/fs/cgroup/protector.slice/protected/cpu.weight
[33m[2026-10-08 20:03:34.542] [WARN ] [cgroup_manager.cpp:123] [0mCgroupManager: failed to open for writing: /sys/fs/cgroup/protector.slice/background/cpu.weight
[33m[2026-10-08 20:03:34.544] [WARN ] [cgroup_manager.cpp:123] [0mCgroupManager: failed to open for writing: /sys/fs/cgroup/protector.slice/protected/cpu.weight
[33m[2026-10-08 20:03:35.071] [WARN ] [cgroup_manager.cpp:123] [0mCgroupManager: failed to open for writing: /sys/fs/cgroup/protector.slice/background/cpu.weight
[33m[2026-10-08 20:03:35.077] [WARN ] [cgroup_manager.cpp:123] [0mCgroupManager: failed to open for writing: /sys/fs/cgroup/protector.slice/protected/cpu.weight
[33m[2026-10-08 20:03:38.517] [WARN ] [cgroup_manager.cpp:123] [0mCgroupManager: failed to open for writing: /sys/fs/cgroup/protector.slice/background/cpu.weight
[33m[2026-10-08 20:03:38.519] [WARN ] [cgroup_manager.cpp:123] [0mCgroupManager: failed to open for writing: /sys/fs/cgroup/protector.slice/protected/cpu.weight
[33m[2026-10-08 20:03:39.045] [WARN ] [cgroup_manager.cpp:123] [0mCgroupManager: failed to open for writing: /sys/fs/cgroup/protector.slice/background/cpu.weight
[33m[2026-10-08 20:03:39.048] [WARN ] [cgroup_manager.cpp:123] [0mCgroupManager: failed to open for writing: /sys/fs/cgroup/protector.slice/protected/cpu.weight
[33m[2026-10-08 20:03:39.568] [WARN ] [cgroup_manager.cpp:123] [0mCgroupManager: failed to open for writing: /sys/fs/cgroup/protector.slice/background/cpu.weight
[33m[2026-10-08 20:03:39.571] [WARN ] [cgroup_manager.cpp:123] [0mCgroupManager: failed to open for writing: /sys/fs/cgroup/protector.slice/protected/cpu.weight
[32m[2026-10-08 20:03:40.108] [INFO ] [resource_shaper.cpp:78] [0mResourceShaper: [Aging Step 3] Background CPU weight increased to 50 (ceiling: 100)
[33m[2026-10-08 20:03:40.112] [WARN ] [cgroup_manager.cpp:123] [0mCgroupManager: failed to open for writing: /sys/fs/cgroup/protector.slice/background/cpu.weight
[33m[2026-10-08 20:03:40.114] [WARN ] [cgroup_manager.cpp:123] [0mCgroupManager: failed to open for writing: /sys/fs/cgroup/protector.slice/protected/cpu.weight
[33m[2026-10-08 20:03:40.637] [WARN ] [cgroup_manager.cpp:123] [0mCgroupManager: failed to open for writing: /sys/fs/cgroup/protector.slice/background/cpu.weight
[33m[2026-10-08 20:03:40.639] [WARN ] [cgroup_manager.cpp:123] [0mCgroupManager: failed to open for writing: /sys/fs/cgroup/protector.slice/protected/cpu.weight
[33m[2026-10-08 20:03:41.172] [WARN ] [cgroup_manager.cpp:123] [0mCgroupManager: failed to open for writing: /sys/fs/cgroup/protector.slice/background/cpu.weight
[33m[2026-10-08 20:03:41.174] [WARN ] [cgroup_manager.cpp:123] [0mCgroupManager: failed to open for writing: /sys/fs/cgroup/protector.slice/protected/cpu.weight
[33m[2026-10-08 20:03:41.700] [WARN ] [cgroup_manager.cpp:123] [0mCgroupManager: failed to open for writing: /sys/fs/cgroup/protector.slice/background/cpu.weight
[33m[2026-10-08 20:03:41.706] [WARN ] [cgroup_manager.cpp:123] [0mCgroupManager: failed to open for writing: /sys/fs/cgroup/protector.slice/protected/cpu.weight
[33m[2026-10-08 20:03:42.240] [WARN ] [cgroup_manager.cpp:123] [0mCgroupManager: failed to open for writing: /sys/fs/cgroup/protector.slice/background/cpu.weight
[33m[2026-10-08 20:03:42.248] [WARN ] [cgroup_manager.cpp:123] [0mCgroupManager: failed to open for writing: /sys/fs/cgroup/protector.slice/protected/cpu.weight
[33m[2026-10-08 20:03:42.773] [WARN ] [cgroup_manager.cpp:123] [0mCgroupManager: failed to open for writing: /sys/fs/cgroup/protector.slice/background/cpu.weight
[33m[2026-10-08 20:03:42.776] [WARN ] [cgroup_manager.cpp:123] [0mCgroupManager: failed to open for writing: /sys/fs/cgroup/protector.slice/protected/cpu.weight
[33m[2026-10-08 20:03:43.312] [WARN ] [cgroup_manager.cpp:123] [0mCgroupManager: failed to open for writing: /sys/fs/cgroup/protector.slice/background/cpu.weight
[33m[2026-10-08 20:03:43.315] [WARN ] [cgroup_manager.cpp:123] [0mCgroupManager: failed to open for writing: /sys/fs/cgroup/protector.slice/protected/cpu.weight
[33m[2026-10-08 20:03:43.840] [WARN ] [cgroup_manager.cpp:123] [0mCgroupManager: failed to open for writing: /sys/fs/cgroup/protector.slice/background/cpu.weight
[33m[2026-10-08 20:03:43.844] [WARN ] [cgroup_manager.cpp:123] [0mCgroupManager: failed to open for writing: /sys/fs/cgroup/protector.slice/protected/cpu.weight
[33m[2026-10-08 20:03:44.364] [WARN ] [cgroup_manager.cpp:123] [0mCgroupManager: failed to open for writing: /sys/fs/cgroup/protector.slice/background/cpu.weight
[33m[2026-10-08 20:03:44.368] [WARN ] [cgroup_manager.cpp:123] [0mCgroupManager: failed to open for writing: /sys/fs/cgroup/protector.slice/protected/cpu.weight
[33m[2026-10-08 20:03:44.888] [WARN ] [cgroup_manager.cpp:123] [0mCgroupManager: failed to open for writing: /sys/fs/cgroup/protector.slice/background/cpu.weight
[33m[2026-10-08 20:03:44.891] [WARN ] [cgroup_manager.cpp:123] [0mCgroupManager: failed to open for writing: /sys/fs/cgroup/protector.slice/protected/cpu.weight
[33m[2026-10-08 20:03:45.417] [WARN ] [cgroup_manager.cpp:123] [0mCgroupManager: failed to open for writing: /sys/fs/cgroup/protector.slice/background/cpu.weight
[33m[2026-10-08 20:03:45.422] [WARN ] [cgroup_manager.cpp:123] [0mCgroupManager: failed to open for writing: /sys/fs/cgroup/protector.slice/protected/cpu.weight
[33m[2026-10-08 20:03:45.949] [WARN ] [cgroup_manager.cpp:123] [0mCgroupManager: failed to open for writing: /sys/fs/cgroup/protector.slice/background/cpu.weight
[33m[2026-10-08 20:03:45.956] [WARN ] [cgroup_manager.cpp:123] [0mCgroupManager: failed to open for writing: /sys/fs/cgroup/protector.slice/protected/cpu.weight
[33m[2026-10-08 20:03:46.481] [WARN ] [cgroup_manager.cpp:123] [0mCgroupManager: failed to open for writing: /sys/fs/cgroup/protector.slice/background/cpu.weight
[33m[2026-10-08 20:03:46.484] [WARN ] [cgroup_manager.cpp:123] [0mCgroupManager: failed to open for writing: /sys/fs/cgroup/protector.slice/protected/cpu.weight
[33m[2026-10-08 20:03:47.005] [WARN ] [cgroup_manager.cpp:123] [0mCgroupManager: failed to open for writing: /sys/fs/cgroup/protector.slice/background/cpu.weight
[33m[2026-10-08 20:03:47.008] [WARN ] [cgroup_manager.cpp:123] [0mCgroupManager: failed to open for writing: /sys/fs/cgroup/protector.slice/protected/cpu.weight
[33m[2026-10-08 20:03:47.531] [WARN ] [cgroup_manager.cpp:123] [0mCgroupManager: failed to open for writing: /sys/fs/cgroup/protector.slice/background/cpu.weight
[33m[2026-10-08 20:03:47.536] [WARN ] [cgroup_manager.cpp:123] [0mCgroupManager: failed to open for writing: /sys/fs/cgroup/protector.slice/protected/cpu.weight
[33m[2026-10-08 20:03:48.057] [WARN ] [cgroup_manager.cpp:123] [0mCgroupManager: failed to open for writing: /sys/fs/cgroup/protector.slice/background/cpu.weight
[33m[2026-10-08 20:03:48.060] [WARN ] [cgroup_manager.cpp:123] [0mCgroupManager: failed to open for writing: /sys/fs/cgroup/protector.slice/protected/cpu.weight
[33m[2026-10-08 20:03:48.589] [WARN ] [cgroup_manager.cpp:123] [0mCgroupManager: failed to open for writing: /sys/fs/cgroup/protector.slice/background/cpu.weight
[33m[2026-10-08 20:03:48.591] [WARN ] [cgroup_manager.cpp:123] [0mCgroupManager: failed to open for writing: /sys/fs/cgroup/protector.slice/protected/cpu.weight
[33m[2026-10-08 20:03:49.128] [WARN ] [cgroup_manager.cpp:123] [0mCgroupManager: failed to open for writing: /sys/fs/cgroup/protector.slice/background/cpu.weight
[33m[2026-10-08 20:03:49.132] [WARN ] [cgroup_manager.cpp:123] [0mCgroupManager: failed to open for writing: /sys/fs/cgroup/protector.slice/protected/cpu.weight
[33m[2026-10-08 20:03:49.669] [WARN ] [cgroup_manager.cpp:123] [0mCgroupManager: failed to open for writing: /sys/fs/cgroup/protector.slice/background/cpu.weight
[33m[2026-10-08 20:03:49.671] [WARN ] [cgroup_manager.cpp:123] [0mCgroupManager: failed to open for writing: /sys/fs/cgroup/protector.slice/protected/cpu.weight
[33m[2026-10-08 20:03:50.201] [WARN ] [cgroup_manager.cpp:123] [0mCgroupManager: failed to open for writing: /sys/fs/cgroup/protector.slice/background/cpu.weight
[33m[2026-10-08 20:03:50.205] [WARN ] [cgroup_manager.cpp:123] [0mCgroupManager: failed to open for writing: /sys/fs/cgroup/protector.slice/protected/cpu.weight
[33m[2026-10-08 20:03:50.729] [WARN ] [cgroup_manager.cpp:123] [0mCgroupManager: failed to open for writing: /sys/fs/cgroup/protector.slice/background/cpu.weight
[33m[2026-10-08 20:03:50.732] [WARN ] [cgroup_manager.cpp:123] [0mCgroupManager: failed to open for writing: /sys/fs/cgroup/protector.slice/protected/cpu.weight
[33m[2026-10-08 20:03:51.253] [WARN ] [cgroup_manager.cpp:123] [0mCgroupManager: failed to open for writing: /sys/fs/cgroup/protector.slice/background/cpu.weight
[33m[2026-10-08 20:03:51.256] [WARN ] [cgroup_manager.cpp:123] [0mCgroupManager: failed to open for writing: /sys/fs/cgroup/protector.slice/protected/cpu.weight
[33m[2026-10-08 20:03:51.793] [WARN ] [cgroup_manager.cpp:123] [0mCgroupManager: failed to open for writing: /sys/fs/cgroup/protector.slice/background/cpu.weight
[33m[2026-10-08 20:03:51.797] [WARN ] [cgroup_manager.cpp:123] [0mCgroupManager: failed to open for writing: /sys/fs/cgroup/protector.slice/protected/cpu.weight
[33m[2026-10-08 20:03:52.317] [WARN ] [cgroup_manager.cpp:123] [0mCgroupManager: failed to open for writing: /sys/fs/cgroup/protector.slice/background/cpu.weight
[33m[2026-10-08 20:03:52.319] [WARN ] [cgroup_manager.cpp:123] [0mCgroupManager: failed to open for writing: /sys/fs/cgroup/protector.slice/protected/cpu.weight
[33m[2026-10-08 20:03:52.844] [WARN ] [cgroup_manager.cpp:123] [0mCgroupManager: failed to open for writing: /sys/fs/cgroup/protector.slice/background/cpu.weight
[33m[2026-10-08 20:03:52.877] [WARN ] [cgroup_manager.cpp:123] [0mCgroupManager: failed to open for writing: /sys/fs/cgroup/protector.slice/protected/cpu.weight
[33m[2026-10-08 20:03:53.392] [WARN ] [cgroup_manager.cpp:123] [0mCgroupManager: failed to open for writing: /sys/fs/cgroup/protector.slice/background/cpu.weight
[33m[2026-10-08 20:03:53.395] [WARN ] [cgroup_manager.cpp:123] [0mCgroupManager: failed to open for writing: /sys/fs/cgroup/protector.slice/protected/cpu.weight
[33m[2026-10-08 20:03:53.917] [WARN ] [cgroup_manager.cpp:123] [0mCgroupManager: failed to open for writing: /sys/fs/cgroup/protector.slice/background/cpu.weight
[33m[2026-10-08 20:03:53.921] [WARN ] [cgroup_manager.cpp:123] [0mCgroupManager: failed to open for writing: /sys/fs/cgroup/protector.slice/protected/cpu.weight
[33m[2026-10-08 20:03:54.444] [WARN ] [cgroup_manager.cpp:123] [0mCgroupManager: failed to open for writing: /sys/fs/cgroup/protector.slice/background/cpu.weight
[33m[2026-10-08 20:03:54.447] [WARN ] [cgroup_manager.cpp:123] [0mCgroupManager: failed to open for writing: /sys/fs/cgroup/protector.slice/protected/cpu.weight
[32m[2026-10-08 20:03:54.727] [INFO ] [daemon.cpp:17] [0mCaught termination signal (2). Initiating graceful daemon shutdown...
[32m[2026-10-08 20:03:54.728] [INFO ] [daemon.cpp:118] [0mProtector daemon stopping...
[32m[2026-10-08 20:03:54.730] [INFO ] [daemon.cpp:130] [0mRestoring all processes and cleaning cgroups...
[32m[2026-10-08 20:03:54.769] [INFO ] [daemon.cpp:135] [0mProtector daemon shutdown complete.
